{"pid":7,"type":"jupyter","level":40,"msg":"  warn(","time":"2026-09-04T23:55:24.314Z","v":0}
{"pid":7,"type":"jupyter","level":40,"msg":"[W 2026-09-04 23:55:24.313 ServerApp] ServerApp.token config is deprecated in 2.0. Use IdentityProvider.token.","time":"2026-09-04T23:55:24.315Z","v":0}
{"pid":7,"type":"jupyter","level":40,"msg":"ServerApp.iopub_data_rate_limit config is deprecated in 2.0. Use ZMQChannelsWebsocketConnection.iopub_data_rate_limit.","time":"2026-09-04T23:55:24.315Z","v":0}
{"pid":7,"type":"jupyter","level":40,"msg":"    \t/etc/jupyter/jupyter_server_config.json","time":"2026-09-04T23:55:24.687Z","v":0}
{"pid":7,"type":"jupyter","level":40,"msg":"    \t/usr/local/etc/jupyter/jupyter_server_config.d/google.colab._serverextension.json","time":"2026-09-04T23:55:24.688Z","v":0}
{"pid":7,"type":"jupyter","level":40,"msg":"    \t/usr/local/etc/jupyter/jupyter_server_config.d/google.colab.json","time":"2026-09-04T23:55:24.688Z","v":0}
{"pid":7,"type":"jupyter","level":40,"msg":"    \t/usr/local/etc/jupyter/jupyter_server_config.d/ipyparallel.json","time":"2026-09-04T23:55:24.688Z","v":0}
{"pid":7,"type":"jupyter","level":40,"msg":"    \t/usr/local/etc/jupyter/jupyter_server_config.d/jupyter_server_terminals.json","time":"2026-09-04T23:55:24.688Z","v":0}
{"pid":7,"type":"jupyter","level":40,"msg":"    \t/usr/local/etc/jupyter/jupyter_server_config.d/jupytext.json","time":"2026-09-04T23:55:24.688Z","v":0}
{"pid":7,"type":"jupyter","level":40,"msg":"    \t/usr/local/etc/jupyter/jupyter_server_config.d/nbclassic.json","time":"2026-09-04T23:55:24.688Z","v":0}
{"pid":7,"type":"jupyter","level":40,"msg":"    \t/usr/local/etc/jupyter/jupyter_server_config.d/notebook_shim.json","time":"2026-09-04T23:55:24.688Z","v":0}
{"pid":7,"type":"jupyter","level":40,"msg":"    \t/usr/local/etc/jupyter/jupyter_server_config.d/panel-client-jupyter.json","time":"2026-09-04T23:55:24.688Z","v":0}
{"pid":7,"type":"jupyter","level":40,"msg":"    \t/usr/local/etc/jupyter/jupyter_server_config.json","time":"2026-09-04T23:55:24.688Z","v":0}
{"pid":7,"type":"jupyter","level":40,"msg":"    \t/usr/etc/jupyter/jupyter_server_config.json","time":"2026-09-04T23:55:24.691Z","v":0}
{"pid":7,"type":"jupyter","level":40,"msg":"    \t/root/.local/etc/jupyter/jupyter_server_config.json","time":"2026-09-04T23:55:24.692Z","v":0}
{"pid":7,"type":"jupyter","level":40,"msg":"    \t/root/.jupyter/jupyter_server_config.json","time":"2026-09-04T23:55:24.692Z","v":0}
{"pid":7,"type":"jupyter","level":30,"msg":"Extension package ipyparallel took 0.1252s to import","time":"2026-09-04T23:55:24.829Z","v":0}
{"pid":7,"type":"jupyter","level":40,"msg":"A `_jupyter_server_extension_points` function was not found in ipyparallel. Instead, a `_jupyter_server_extension_paths` function was found and will be used for now. This function name will be deprecated in future releases of Jupyter Server.","time":"2026-09-04T23:55:24.829Z","v":0}
{"pid":7,"type":"jupyter","level":30,"msg":"Extension package jupyterlab_jupytext took 0.3620s to import","time":"2026-09-04T23:55:25.207Z","v":0}
{"pid":7,"type":"jupyter","level":40,"msg":"A `_jupyter_server_extension_points` function was not found in nbclassic. Instead, a `_jupyter_server_extension_paths` function was found and will be used for now. This function name will be deprecated in future releases of Jupyter Server.","time":"2026-09-04T23:55:25.222Z","v":0}
{"pid":7,"type":"jupyter","level":30,"msg":"Extension package panel.io.jupyter_server_extension took 1.7397s to import","time":"2026-09-04T23:55:26.965Z","v":0}
{"pid":7,"type":"jupyter","level":30,"msg":"google.colab ","time":"2026-09-04T23:55:26.966Z","v":0}
{"pid":7,"type":"jupyter","level":30,"msg":"google.colab._serverextension ","time":"2026-09-04T23:55:26.966Z","v":0}
{"pid":7,"type":"jupyter","level":30,"msg":"ipyparallel ","time":"2026-09-04T23:55:26.966Z","v":0}
{"pid":7,"type":"jupyter","level":30,"msg":"jupyter_server_terminals ","time":"2026-09-04T23:55:26.972Z","v":0}
{"pid":7,"type":"jupyter","level":30,"msg":"jupyterlab_jupytext ","time":"2026-09-04T23:55:26.972Z","v":0}
{"pid":7,"type":"jupyter","level":30,"msg":"nbclassic ","time":"2026-09-04T23:55:26.977Z","v":0}
{"pid":7,"type":"jupyter","level":30,"msg":"Writing Jupyter server cookie secret to /root/.local/share/jupyter/runtime/jupyter_cookie_secret","time":"2026-09-04T23:55:26.979Z","v":0}
{"pid":7,"type":"jupyter","level":40,"msg":"    \t/root/.jupyter/jupyter_notebook_config.json","time":"2026-09-04T23:55:26.981Z","v":0}
{"pid":7,"type":"jupyter","level":40,"msg":"    \t/etc/jupyter/jupyter_notebook_config.json","time":"2026-09-04T23:55:26.982Z","v":0}
{"pid":7,"type":"jupyter","level":40,"msg":"    \t/usr/local/etc/jupyter/jupyter_notebook_config.d/ipyparallel.json","time":"2026-09-04T23:55:26.982Z","v":0}
{"pid":7,"type":"jupyter","level":40,"msg":"    \t/usr/local/etc/jupyter/jupyter_notebook_config.d/jupytext.json","time":"2026-09-04T23:55:26.982Z","v":0}
{"pid":7,"type":"jupyter","level":40,"msg":"    \t/usr/local/etc/jupyter/jupyter_notebook_config.d/panel-client-jupyter.json","time":"2026-09-04T23:55:26.982Z","v":0}
{"pid":7,"type":"jupyter","level":40,"msg":"    \t/usr/local/etc/jupyter/jupyter_notebook_config.json","time":"2026-09-04T23:55:26.982Z","v":0}
{"pid":7,"type":"jupyter","level":40,"msg":"    \t/usr/etc/jupyter/jupyter_notebook_config.json","time":"2026-09-04T23:55:26.983Z","v":0}
{"pid":7,"type":"jupyter","level":40,"msg":"    \t/root/.local/etc/jupyter/jupyter_notebook_config.json","time":"2026-09-04T23:55:26.983Z","v":0}
{"pid":7,"type":"jupyter","level":40,"msg":"    \t/root/.jupyter/jupyter_notebook_config.json","time":"2026-09-04T23:55:26.983Z","v":0}
{"pid":7,"type":"jupyter","level":30,"msg":"notebook_shim ","time":"2026-09-04T23:55:26.983Z","v":0}
{"pid":7,"type":"jupyter","level":30,"msg":"panel.io.jupyter_server_extension ","time":"2026-09-04T23:55:26.984Z","v":0}
{"pid":7,"type":"jupyter","level":40,"msg":"Customizing authentication via ServerApp.login_handler_class=<class 'google.colab._login_handler.ColabLoginHandler'> is deprecated in Jupyter Server 2.0. Use ServerApp.identity_provider_class. Falling back on legacy authentication.","time":"2026-09-04T23:55:27.098Z","v":0}
{"pid":7,"type":"jupyter","level":30,"msg":"notebook_shim ","time":"2026-09-04T23:55:27.133Z","v":0}
{"pid":7,"type":"jupyter","level":30,"msg":"google.colab ","time":"2026-09-04T23:55:27.133Z","v":0}
{"pid":7,"type":"jupyter","level":30,"msg":"google.colab server extension initialized on gpu-a100-s-kkb-usc1b0-2pugsee4bia1z.","time":"2026-09-04T23:55:27.137Z","v":0}
{"pid":7,"type":"jupyter","level":30,"msg":"google.colab._serverextension ","time":"2026-09-04T23:55:27.138Z","v":0}
{"pid":7,"type":"jupyter","level":30,"msg":"Loading IPython parallel extension","time":"2026-09-04T23:55:27.141Z","v":0}
{"pid":7,"type":"jupyter","level":30,"msg":"ipyparallel ","time":"2026-09-04T23:55:27.142Z","v":0}
{"pid":7,"type":"jupyter","level":30,"msg":"jupyter_server_terminals ","time":"2026-09-04T23:55:27.143Z","v":0}
{"pid":7,"type":"jupyter","level":30,"msg":"[Jupytext Server Extension] Deriving an AsyncTextFileContentsManager from AsyncLargeFileManager","time":"2026-09-04T23:55:27.143Z","v":0}
{"pid":7,"type":"jupyter","level":30,"msg":"jupyterlab_jupytext ","time":"2026-09-04T23:55:27.144Z","v":0}
{"pid":7,"type":"jupyter","level":30,"msg":"nbclassic ","time":"2026-09-04T23:55:27.156Z","v":0}
{"pid":7,"type":"jupyter","level":30,"msg":"panel.io.jupyter_server_extension ","time":"2026-09-04T23:55:27.157Z","v":0}
{"pid":7,"type":"jupyter","level":30,"msg":"Serving notebooks from local directory: /","time":"2026-09-04T23:55:27.157Z","v":0}
{"pid":7,"type":"jupyter","level":30,"msg":"Jupyter Server 2.20.0 is running at:","time":"2026-09-04T23:55:27.157Z","v":0}
{"pid":7,"type":"jupyter","level":30,"msg":"http://172.28.0.12:9000/","time":"2026-09-04T23:55:27.157Z","v":0}
{"pid":7,"type":"jupyter","level":30,"msg":"    http://127.0.0.1:9000/","time":"2026-09-04T23:55:27.157Z","v":0}
{"pid":7,"type":"jupyter","level":30,"msg":"Use Control-C to stop this server and shut down all kernels (twice to skip confirmation).","time":"2026-09-04T23:55:27.158Z","v":0}
{"pid":7,"type":"jupyter","level":40,"msg":"0.00s - Debugger warning: It seems that frozen modules are being used, which may","time":"2026-09-05T00:09:40.676Z","v":0}
{"pid":7,"type":"jupyter","level":40,"msg":"0.00s - make the debugger miss breakpoints. Please pass -Xfrozen_modules=off","time":"2026-09-05T00:09:40.676Z","v":0}
{"pid":7,"type":"jupyter","level":40,"msg":"0.00s - to python to disable frozen modules.","time":"2026-09-05T00:09:40.676Z","v":0}
{"pid":7,"type":"jupyter","level":40,"msg":"0.00s - Note: Debugging will proceed. Set PYDEVD_DISABLE_FILE_VALIDATION=1 to disable this validation.","time":"2026-09-05T00:09:40.676Z","v":0}
{"pid":7,"type":"jupyter","level":30,"msg":"Kernel started: baae0624-9d78-42aa-a2d6-e3b8e53a1ae8","time":"2026-09-05T00:09:42.302Z","v":0}
{"pid":7,"type":"jupyter","level":40,"msg":"0.00s - Debugger warning: It seems that frozen modules are being used, which may","time":"2026-09-05T00:09:42.644Z","v":0}
{"pid":7,"type":"jupyter","level":40,"msg":"0.00s - make the debugger miss breakpoints. Please pass -Xfrozen_modules=off","time":"2026-09-05T00:09:42.644Z","v":0}
{"pid":7,"type":"jupyter","level":40,"msg":"0.00s - to python to disable frozen modules.","time":"2026-09-05T00:09:42.644Z","v":0}
{"pid":7,"type":"jupyter","level":40,"msg":"0.00s - Note: Debugging will proceed. Set PYDEVD_DISABLE_FILE_VALIDATION=1 to disable this validation.","time":"2026-09-05T00:09:42.644Z","v":0}
{"pid":7,"type":"jupyter","level":30,"msg":"Connecting to kernel baae0624-9d78-42aa-a2d6-e3b8e53a1ae8.","time":"2026-09-05T00:09:43.257Z","v":0}
{"pid":7,"type":"jupyter","level":40,"msg":"The websocket_ping_timeout (90000) cannot be longer than the websocket_ping_interval (30000).","time":"2026-09-05T00:09:43.259Z","v":0}
{"pid":7,"type":"jupyter","level":40,"msg":"    Setting websocket_ping_timeout=30000","time":"2026-09-05T00:09:43.259Z","v":0}
{"pid":7,"type":"jupyter","level":30,"msg":"Connecting to kernel baae0624-9d78-42aa-a2d6-e3b8e53a1ae8.","time":"2026-09-05T00:09:55.536Z","v":0}
